---
source: crates/rattler_solve/tests/backends.rs
expression: err
---
Unsolvable(
    [
        "nothing provides requested asdfasdf",
    ],
)
