---
source: crates/rattler_libsolv_rs/src/solver/mod.rs
assertion_line: 1665
expression: error
---
No candidates were found for fghj *.

