---
source: crates/rattler_libsolv_rs/src/solver/mod.rs
assertion_line: 1734
expression: error
---
The following packages are incompatible
|-- suitcase-utils 54..100 can be installed with any of the following options:
    |-- suitcase-utils 54
|-- bluesky-widgets 0..100 cannot be installed because there are no viable options:
    |-- bluesky-widgets 42 would constrain
        |-- suitcase-utils 0..54 , which conflicts with any installable versions previously reported

